// Jest Snapshot v1, https://goo.gl/fbAQLP

exports[`<ReportDefinitionDetails /> panel render 5 hours recurring definition details 1`] = `
<h1
  class="euiTitle euiTitle--large"
>
  Report definition details
</h1>
`;

exports[`<ReportDefinitionDetails /> panel render disabled daily definition, click 1`] = `
<h1
  class="euiTitle euiTitle--large"
>
  Report definition details
</h1>
`;

exports[`<ReportDefinitionDetails /> panel render on demand definition details 1`] = `
<h1
  class="euiTitle euiTitle--large"
>
  Report definition details
</h1>
`;
