// Jest Snapshot v1, https://goo.gl/fbAQLP

exports[`<ReportDetails /> panel render 5 hours recurring component 1`] = `
<h1
  class="euiTitle euiTitle--large"
>
  Report details
</h1>
`;

exports[`<ReportDetails /> panel render on-demand component 1`] = `
<h1
  class="euiTitle euiTitle--large"
>
  Report details
</h1>
`;
